// Jest Snapshot v1, https://goo.gl/fbAQLP

exports[`Image details component validation renders correctly with image detail elments 1`] = `ShallowWrapper {}`;
